=== Ollama Process Info ===
customer         36331   0.0  0.0 410215680   1472 s010  S+   12:33AM   0:00.05 /bin/bash ./scripts/analyze-ollama-resources.sh
customer         15644   0.0  0.2 412662400  38544   ??  S     9:58PM   0:08.49 /Applications/Ollama.app/Contents/Resources/ollama serve
customer         36642   0.0  0.0 410068656    992 s010  S+   12:36AM   0:00.00 tee -a ./ollama-resource-analysis-20250307-003312/sample-during-4.txt
customer         36481   0.0  2.0 417942320 343424   ??  S    12:35AM   0:00.65 /Applications/Ollama.app/Contents/Resources/ollama runner --model /Users/customer/.ollama/models/blobs/sha256-ff82381e2bea77d91c1b824c7afb83f6fb73e9f7de9dda631bcdbca564aa5435 --ctx-size 8192 --batch-size 512 --n-gpu-layers 33 --threads 4 --parallel 4 --port 62348

=== Process 15644 Memory Info ===
  PID    RSS %MEM  %CPU COMMAND
15644  38544  0.2   0.0 /Applications/Ollama.app/Contents/Resources/ollama serve
=== Process 36481 Memory Info ===
  PID    RSS %MEM  %CPU COMMAND
36481 343424  2.0   0.0 /Applications/Ollama.app/Contents/Resources/ollama runner --model /Users/customer/.ollama/models/blobs/sha256-ff82381e2bea77d91c1b824c7afb83f6fb73e9f7de9dda631bcdbca564aa5435 --ctx-size 8192 --batch-size 512 --n-gpu-layers 33 --threads 4 --parallel 4 --port 62348

=== System Memory Status ===
Mach Virtual Memory Statistics: (page size of 16384 bytes)
Pages free:                                3953.
Pages active:                            364856.
Pages inactive:                          357560.
Pages speculative:                         6654.
Pages throttled:                              0.
Pages wired down:                         93383.
Pages purgeable:                            676.
"Translation faults":                2379550897.
Pages copy-on-write:                   58844560.
Pages zero filled:                   1645166826.
Pages reactivated:                    247148639.
Pages purged:                           3326901.
File-backed pages:                       481005.
Anonymous pages:                         248065.
Pages stored in compressor:              730897.
Pages occupied by compressor:            189029.
Decompressions:                       259384350.
Compressions:                         276664757.
Pageins:                               51609483.
Pageouts:                                130573.
Swapins:                                3511327.
Swapouts:                               5171714.

=== System Load ===
Processes: 355 total, 2 running, 353 sleeping, 2522 threads 
2025/03/07 00:36:14
Load Avg: 2.66, 2.85, 3.42 
CPU usage: 14.57% user, 17.42% sys, 68.0% idle 
SharedLibs: 236M resident, 47M data, 37M linkedit.
MemRegions: 518729 total, 1869M resident, 82M private, 6033M shared.
PhysMem: 15G used (1459M wired, 2949M compressor), 159M unused.
VM: 182T vsize, 5536M framework vsize, 3511331(0) swapins, 5171714(0) swapouts.
Networks: packets: 32954348/9029M in, 24483020/7874M out.
Disks: 17302826/807G read, 4656521/142G written.

=== Swap Usage ===
vm.swapusage: total = 3072.00M  used = 2413.19M  free = 658.81M  (encrypted)

=== CPU Usage Per Core ===
              disk0       cpu    load average
    KB/t  tps  MB/s  us sy id   1m   5m   15m
   45.31   48  2.14  14  2 84  2.66 2.85 3.42
   15.82   22  0.34  28  8 64  2.66 2.85 3.42
