=== Ollama Process Info ===
customer         61962   0.7  0.0 410068656    992 s004  S+   12:14AM   0:00.00 tee -a ./ollama-resource-analysis-20250303-001303/sample-during-3.txt
customer         61778   0.7  0.0 410223872   1552 s004  S+   12:13AM   0:00.04 /bin/bash /Users/customer/CascadeProjects/windsurf-project/scripts/analyze-ollama-resources.sh
customer         40106   0.0  0.1 412522224  23808   ??  S     1:51PM   0:15.75 /Applications/Ollama.app/Contents/Resources/ollama serve
customer         61811   0.0  3.3 421333440 561824   ??  S    12:14AM   0:00.83 /Applications/Ollama.app/Contents/Resources/ollama runner --model /Users/customer/.ollama/models/blobs/sha256-2609048d349e7c70196401be59bea7eb89a968d4642e409b0e798b34403b96c8 --ctx-size 2048 --batch-size 512 --n-gpu-layers 41 --threads 4 --parallel 1 --port 62423

=== Process 40106 Memory Info ===
  PID    RSS %MEM  %CPU COMMAND
40106  23808  0.1   0.0 /Applications/Ollama.app/Contents/Resources/ollama serve
=== Process 61811 Memory Info ===
  PID    RSS %MEM  %CPU COMMAND
61811 561824  3.3   0.0 /Applications/Ollama.app/Contents/Resources/ollama runner --model /Users/customer/.ollama/models/blobs/sha256-2609048d349e7c70196401be59bea7eb89a968d4642e409b0e798b34403b96c8 --ctx-size 2048 --batch-size 512 --n-gpu-layers 41 --threads 4 --parallel 1 --port 62423

=== System Memory Status ===
Mach Virtual Memory Statistics: (page size of 16384 bytes)
Pages free:                                6005.
Pages active:                            364224.
Pages inactive:                          363240.
Pages speculative:                          210.
Pages throttled:                              0.
Pages wired down:                         88836.
Pages purgeable:                           1102.
"Translation faults":                 779025563.
Pages copy-on-write:                   12473216.
Pages zero filled:                    309714823.
Pages reactivated:                    227499382.
Pages purged:                           2438509.
File-backed pages:                       497096.
Anonymous pages:                         230578.
Pages stored in compressor:              935695.
Pages occupied by compressor:            192858.
Decompressions:                       234922091.
Compressions:                         244242675.
Pageins:                               34969876.
Pageouts:                                 92766.
Swapins:                                1925653.
Swapouts:                               2365025.

=== System Load ===
Processes: 412 total, 4 running, 408 sleeping, 2688 threads 
2025/03/03 00:14:56
Load Avg: 2.11, 3.37, 3.64 
CPU usage: 31.12% user, 16.93% sys, 51.94% idle 
SharedLibs: 231M resident, 48M data, 38M linkedit.
MemRegions: 559575 total, 1718M resident, 64M private, 9111M shared.
PhysMem: 15G used (1432M wired, 3013M compressor), 105M unused.
VM: 210T vsize, 5536M framework vsize, 1925653(0) swapins, 2365025(0) swapouts.
Networks: packets: 11652759/4124M in, 8939782/3977M out.
Disks: 12594033/551G read, 2188861/65G written.

=== Swap Usage ===
vm.swapusage: total = 4096.00M  used = 3114.69M  free = 981.31M  (encrypted)

=== CPU Usage Per Core ===
              disk0               disk4       cpu    load average
    KB/t  tps  MB/s     KB/t  tps  MB/s  us sy id   1m   5m   15m
   43.69  138  5.88    65.00    0  0.01  15  5 80  2.11 3.37 3.64
   64.00    2  0.12     0.00    0  0.00  30  8 62  2.11 3.37 3.64
