=== Ollama Process Info ===
customer         40106   4.6  0.2 412522224  26784   ??  S     1:51PM   0:15.75 /Applications/Ollama.app/Contents/Resources/ollama serve
customer         61811   2.2  3.4 421334000 578128   ??  S    12:14AM   0:00.83 /Applications/Ollama.app/Contents/Resources/ollama runner --model /Users/customer/.ollama/models/blobs/sha256-2609048d349e7c70196401be59bea7eb89a968d4642e409b0e798b34403b96c8 --ctx-size 2048 --batch-size 512 --n-gpu-layers 41 --threads 4 --parallel 1 --port 62423
customer         61818   0.0  0.0 410068656    992 s004  S+   12:14AM   0:00.00 tee -a ./ollama-resource-analysis-20250303-001303/sample-baseline.txt
customer         61778   0.0  0.0 410223872   1488 s004  S+   12:13AM   0:00.01 /bin/bash /Users/customer/CascadeProjects/windsurf-project/scripts/analyze-ollama-resources.sh

=== Process 40106 Memory Info ===
  PID    RSS %MEM  %CPU COMMAND
40106  26784  0.2  22.4 /Applications/Ollama.app/Contents/Resources/ollama serve
=== Process 61811 Memory Info ===
  PID    RSS %MEM  %CPU COMMAND
61811 578128  3.4   1.2 /Applications/Ollama.app/Contents/Resources/ollama runner --model /Users/customer/.ollama/models/blobs/sha256-2609048d349e7c70196401be59bea7eb89a968d4642e409b0e798b34403b96c8 --ctx-size 2048 --batch-size 512 --n-gpu-layers 41 --threads 4 --parallel 1 --port 62423

=== System Memory Status ===
Mach Virtual Memory Statistics: (page size of 16384 bytes)
Pages free:                                3537.
Pages active:                             73448.
Pages inactive:                           71536.
Pages speculative:                          789.
Pages throttled:                              0.
Pages wired down:                        659915.
Pages purgeable:                              4.
"Translation faults":                 778785576.
Pages copy-on-write:                   12461501.
Pages zero filled:                    309668076.
Pages reactivated:                    227474613.
Pages purged:                           2438065.
File-backed pages:                        54705.
Anonymous pages:                          91068.
Pages stored in compressor:              941835.
Pages occupied by compressor:            206256.
Decompressions:                       234849032.
Compressions:                         244172972.
Pageins:                               34968615.
Pageouts:                                 92754.
Swapins:                                1925557.
Swapouts:                               2365025.

=== System Load ===
Processes: 411 total, 7 running, 404 sleeping, 2684 threads 
2025/03/03 00:14:40
Load Avg: 2.06, 3.42, 3.66 
CPU usage: 39.44% user, 25.92% sys, 34.62% idle 
SharedLibs: 230M resident, 48M data, 38M linkedit.
MemRegions: 547892 total, 1342M resident, 42M private, 9397M shared.
PhysMem: 15G used (10G wired, 3183M compressor), 77M unused.
VM: 208T vsize, 5536M framework vsize, 1925597(0) swapins, 2365025(0) swapouts.
Networks: packets: 11650042/4124M in, 8937365/3977M out.
Disks: 12593381/551G read, 2188437/65G written.

=== Swap Usage ===
vm.swapusage: total = 4096.00M  used = 3114.69M  free = 981.31M  (encrypted)

=== CPU Usage Per Core ===
              disk0               disk4       cpu    load average
    KB/t  tps  MB/s     KB/t  tps  MB/s  us sy id   1m   5m   15m
   43.70  138  5.88    65.00    0  0.01  15  5 80  2.06 3.42 3.66
   15.96   91  1.41     0.00    0  0.00  34 15 51  2.06 3.42 3.66
