=== Ollama Process Info ===
customer         40106   0.0  0.1 412522224  23808   ??  S     1:51PM   0:15.75 /Applications/Ollama.app/Contents/Resources/ollama serve
customer         62009   0.0  0.0 410068656    992 s004  S+   12:15AM   0:00.00 tee -a ./ollama-resource-analysis-20250303-001303/sample-during-4.txt
customer         61811   0.0  3.3 421333440 561728   ??  S    12:14AM   0:00.83 /Applications/Ollama.app/Contents/Resources/ollama runner --model /Users/customer/.ollama/models/blobs/sha256-2609048d349e7c70196401be59bea7eb89a968d4642e409b0e798b34403b96c8 --ctx-size 2048 --batch-size 512 --n-gpu-layers 41 --threads 4 --parallel 1 --port 62423
customer         61778   0.0  0.0 410223872   1552 s004  S+   12:13AM   0:00.05 /bin/bash /Users/customer/CascadeProjects/windsurf-project/scripts/analyze-ollama-resources.sh

=== Process 40106 Memory Info ===
  PID    RSS %MEM  %CPU COMMAND
40106  23808  0.1   0.0 /Applications/Ollama.app/Contents/Resources/ollama serve
=== Process 61811 Memory Info ===
  PID    RSS %MEM  %CPU COMMAND
61811 561728  3.3   0.0 /Applications/Ollama.app/Contents/Resources/ollama runner --model /Users/customer/.ollama/models/blobs/sha256-2609048d349e7c70196401be59bea7eb89a968d4642e409b0e798b34403b96c8 --ctx-size 2048 --batch-size 512 --n-gpu-layers 41 --threads 4 --parallel 1 --port 62423

=== System Memory Status ===
Mach Virtual Memory Statistics: (page size of 16384 bytes)
Pages free:                                5105.
Pages active:                            367101.
Pages inactive:                          366106.
Pages speculative:                          190.
Pages throttled:                              0.
Pages wired down:                         92778.
Pages purgeable:                            888.
"Translation faults":                 779117514.
Pages copy-on-write:                   12476136.
Pages zero filled:                    309729923.
Pages reactivated:                    227519741.
Pages purged:                           2438644.
File-backed pages:                       496796.
Anonymous pages:                         236601.
Pages stored in compressor:              926335.
Pages occupied by compressor:            184086.
Decompressions:                       234947182.
Compressions:                         244258626.
Pageins:                               34969974.
Pageouts:                                 92770.
Swapins:                                1925661.
Swapouts:                               2365025.

=== System Load ===
Processes: 412 total, 3 running, 409 sleeping, 2698 threads 
2025/03/03 00:15:02
Load Avg: 2.02, 3.31, 3.61 
CPU usage: 15.64% user, 16.75% sys, 67.59% idle 
SharedLibs: 230M resident, 46M data, 37M linkedit.
MemRegions: 559622 total, 2104M resident, 69M private, 8869M shared.
PhysMem: 15G used (1455M wired, 2876M compressor), 76M unused.
VM: 210T vsize, 5536M framework vsize, 1925665(0) swapins, 2365025(0) swapouts.
Networks: packets: 11653854/4124M in, 8940812/3978M out.
Disks: 12594061/551G read, 2188920/65G written.

=== Swap Usage ===
vm.swapusage: total = 4096.00M  used = 3114.69M  free = 981.31M  (encrypted)

=== CPU Usage Per Core ===
              disk0               disk4       cpu    load average
    KB/t  tps  MB/s     KB/t  tps  MB/s  us sy id   1m   5m   15m
   43.69  138  5.88    65.00    0  0.01  15  5 80  2.02 3.31 3.61
    8.80    5  0.04     0.00    0  0.00  14  7 79  2.02 3.31 3.61
