=== Ollama Process Info ===
customer         40106   0.0  0.1 412522224  23792   ??  S     1:51PM   0:15.75 /Applications/Ollama.app/Contents/Resources/ollama serve
customer         61866   0.0  0.0 410069680   1024 s004  S+   12:14AM   0:00.00 tee -a ./ollama-resource-analysis-20250303-001303/sample-during-1.txt
customer         61811   0.0  3.4 421334000 562240   ??  S    12:14AM   0:00.83 /Applications/Ollama.app/Contents/Resources/ollama runner --model /Users/customer/.ollama/models/blobs/sha256-2609048d349e7c70196401be59bea7eb89a968d4642e409b0e798b34403b96c8 --ctx-size 2048 --batch-size 512 --n-gpu-layers 41 --threads 4 --parallel 1 --port 62423
customer         61778   0.0  0.0 410223872   1552 s004  S+   12:13AM   0:00.02 /bin/bash /Users/customer/CascadeProjects/windsurf-project/scripts/analyze-ollama-resources.sh

=== Process 40106 Memory Info ===
  PID    RSS %MEM  %CPU COMMAND
40106  23792  0.1   0.0 /Applications/Ollama.app/Contents/Resources/ollama serve
=== Process 61811 Memory Info ===
  PID    RSS %MEM  %CPU COMMAND
61811 562240  3.4   0.0 /Applications/Ollama.app/Contents/Resources/ollama runner --model /Users/customer/.ollama/models/blobs/sha256-2609048d349e7c70196401be59bea7eb89a968d4642e409b0e798b34403b96c8 --ctx-size 2048 --batch-size 512 --n-gpu-layers 41 --threads 4 --parallel 1 --port 62423

=== System Memory Status ===
Mach Virtual Memory Statistics: (page size of 16384 bytes)
Pages free:                                3835.
Pages active:                            412653.
Pages inactive:                          302398.
Pages speculative:                         1176.
Pages throttled:                              0.
Pages wired down:                         93069.
Pages purgeable:                            132.
"Translation faults":                 778908914.
Pages copy-on-write:                   12464551.
Pages zero filled:                    309684717.
Pages reactivated:                    227498453.
Pages purged:                           2438481.
File-backed pages:                       498288.
Anonymous pages:                         217939.
Pages stored in compressor:              941981.
Pages occupied by compressor:            202246.
Decompressions:                       234901738.
Compressions:                         244227179.
Pageins:                               34969012.
Pageouts:                                 92754.
Swapins:                                1925621.
Swapouts:                               2365025.

=== System Load ===
Processes: 410 total, 3 running, 407 sleeping, 2710 threads 
2025/03/03 00:14:42
Load Avg: 2.13, 3.41, 3.66 
CPU usage: 18.30% user, 17.75% sys, 63.93% idle 
SharedLibs: 230M resident, 48M data, 38M linkedit.
MemRegions: 547731 total, 1424M resident, 44M private, 9332M shared.
PhysMem: 15G used (1445M wired, 3153M compressor), 90M unused.
VM: 208T vsize, 5536M framework vsize, 1925621(0) swapins, 2365025(0) swapouts.
Networks: packets: 11650795/4124M in, 8938012/3977M out.
Disks: 12593566/551G read, 2188458/65G written.

=== Swap Usage ===
vm.swapusage: total = 4096.00M  used = 3114.69M  free = 981.31M  (encrypted)

=== CPU Usage Per Core ===
              disk0               disk4       cpu    load average
    KB/t  tps  MB/s     KB/t  tps  MB/s  us sy id   1m   5m   15m
   43.70  138  5.88    65.00    0  0.01  15  5 80  2.13 3.41 3.66
   14.53  292  4.14     0.00    0  0.00  15  9 76  2.13 3.41 3.66
