=== Ollama Process Info ===
customer         40106   0.0  0.1 412522224  23808   ??  S     1:51PM   0:15.75 /Applications/Ollama.app/Contents/Resources/ollama serve
customer         62058   0.0  0.0 410077872   1056 s004  S+   12:15AM   0:00.00 tee -a ./ollama-resource-analysis-20250303-001303/sample-during-5.txt
customer         61811   0.0  3.3 421333440 561648   ??  S    12:14AM   0:00.83 /Applications/Ollama.app/Contents/Resources/ollama runner --model /Users/customer/.ollama/models/blobs/sha256-2609048d349e7c70196401be59bea7eb89a968d4642e409b0e798b34403b96c8 --ctx-size 2048 --batch-size 512 --n-gpu-layers 41 --threads 4 --parallel 1 --port 62423
customer         61778   0.0  0.0 410223872   1552 s004  S+   12:13AM   0:00.06 /bin/bash /Users/customer/CascadeProjects/windsurf-project/scripts/analyze-ollama-resources.sh

=== Process 40106 Memory Info ===
  PID    RSS %MEM  %CPU COMMAND
40106  23808  0.1   0.0 /Applications/Ollama.app/Contents/Resources/ollama serve
=== Process 61811 Memory Info ===
  PID    RSS %MEM  %CPU COMMAND
61811 561648  3.3   0.0 /Applications/Ollama.app/Contents/Resources/ollama runner --model /Users/customer/.ollama/models/blobs/sha256-2609048d349e7c70196401be59bea7eb89a968d4642e409b0e798b34403b96c8 --ctx-size 2048 --batch-size 512 --n-gpu-layers 41 --threads 4 --parallel 1 --port 62423

=== System Memory Status ===
Mach Virtual Memory Statistics: (page size of 16384 bytes)
Pages free:                                4046.
Pages active:                            370999.
Pages inactive:                          367635.
Pages speculative:                         2411.
Pages throttled:                              0.
Pages wired down:                         94810.
Pages purgeable:                            404.
"Translation faults":                 779179548.
Pages copy-on-write:                   12479535.
Pages zero filled:                    309753131.
Pages reactivated:                    227529575.
Pages purged:                           2438664.
File-backed pages:                       498826.
Anonymous pages:                         242219.
Pages stored in compressor:              925596.
Pages occupied by compressor:            175520.
Decompressions:                       234961456.
Compressions:                         244272293.
Pageins:                               34972296.
Pageouts:                                 92780.
Swapins:                                1925725.
Swapouts:                               2365025.

=== System Load ===
Processes: 414 total, 5 running, 409 sleeping, 2740 threads 
2025/03/03 00:15:09
Load Avg: 2.02, 3.28, 3.60 
CPU usage: 34.96% user, 20.27% sys, 44.75% idle 
SharedLibs: 233M resident, 46M data, 37M linkedit.
MemRegions: 559848 total, 2402M resident, 82M private, 8638M shared.
PhysMem: 15G used (1470M wired, 2742M compressor), 100M unused.
VM: 211T vsize, 5536M framework vsize, 1925729(0) swapins, 2365025(0) swapouts.
Networks: packets: 11655950/4125M in, 8942724/3978M out.
Disks: 12596246/551G read, 2188966/65G written.

=== Swap Usage ===
vm.swapusage: total = 4096.00M  used = 3114.69M  free = 981.31M  (encrypted)

=== CPU Usage Per Core ===
              disk0               disk4       cpu    load average
    KB/t  tps  MB/s     KB/t  tps  MB/s  us sy id   1m   5m   15m
   43.69  138  5.88    65.00    0  0.01  15  5 80  2.02 3.28 3.60
   20.67   18  0.36     0.00    0  0.00  45  8 47  2.02 3.28 3.60
